# [euler_characteristic cell_count_dim_0 cell_count_dim_1 ...]
2 5 9 6
